main.c:77:5:main	8	static
main.c:129:7:bootloader_uart_read_data	16	static
main.c:206:6:bootloader_jump_to_user_app	24	static,ignoring_inline_asm
main.c:238:7:printmsg	96	static
main.c:255:6:SystemClock_Config	72	static
main.c:291:13:MX_CRC_Init	8	static
main.c:310:13:MX_USART2_UART_Init	8	static
main.c:343:13:MX_USART3_UART_Init	8	static
main.c:376:13:MX_GPIO_Init	40	static
main.c:422:6:Error_Handler	4	static
main.c:454:6:bootloader_handle_getver_cmd	32	static
main.c:489:6:bootloader_handle_gethelp_cmd	24	static
main.c:514:6:bootloader_handle_getcid_cmd	32	static
main.c:543:6:bootloader_handle_getrdp_cmd	32	static
main.c:572:6:bootloader_handle_go_cmd	40	static
main.c:634:6:bootloader_handle_flash_erase_cmd	32	static
main.c:667:6:bootloader_handle_mem_write_cmd	40	static
main.c:731:6:bootloader_handle_en_rw_protect	32	static
main.c:764:6:bootloader_handle_dis_rw_protect	32	static
main.c:796:6:bootloader_handle_mem_read	16	static
main.c:803:6:bootloader_handle_read_sector_protection_status	32	static
main.c:831:6:bootloader_handle_read_otp	16	static
main.c:838:6:bootloader_send_ack	24	static
main.c:856:6:bootloader_send_nack	16	static
main.c:870:9:bootloader_verify_crc	40	static
main.c:892:6:bootloader_uart_write_data	16	static
main.c:907:9:get_bootloader_version	4	static
main.c:913:10:get_mcu_chip_id	16	static
main.c:931:9:get_flash_rdp_level	16	static
main.c:950:9:verify_address	16	static
main.c:973:10:execute_flash_erase	40	static
main.c:1022:9:execute_mem_write	48	static
main.c:1051:9:configure_flash_sector_rw_protection	24	static
